// Jest Snapshot v1, https://goo.gl/fbAQLP

exports[`returns a 404 when page does not exist 1`] = `
"<!DOCTYPE html>
<html>
  <head>
    <meta charset=\\"utf-8\\">
    <title>vue-hackernews-starter</title>
  <link rel=\\"preload\\" href=\\"/dist/manifest.692a165441e41370b206.js\\" as=\\"script\\"><link rel=\\"preload\\" href=\\"/dist/vendor.ef6775f4539cdb66e821.js\\" as=\\"script\\"><link rel=\\"preload\\" href=\\"/dist/app.a4675157dc5139f20b58.js\\" as=\\"script\\"><link rel=\\"preload\\" href=\\"/dist/common.a4675157dc5139f20b58.css\\" as=\\"style\\"><link rel=\\"stylesheet\\" href=\\"/dist/common.a4675157dc5139f20b58.css\\"></head>
  <body>
    <div id=\\"app\\" data-server-rendered=\\"true\\"><header class=\\"header\\"><nav class=\\"inner\\"><a href=\\"/top\\">Top</a> <a href=\\"/new\\">New</a> <a href=\\"/show\\">Show</a> <a href=\\"/ask\\">Ask</a> <a href=\\"/job\\">Jobs</a></nav></header> <div class=\\"view\\"><div class=\\"container\\"><h1>404</h1> <p>The page you're looking for could not be found. Try selecting one of the lists in the nav bar.</p></div></div></div><script src=\\"/dist/manifest.692a165441e41370b206.js\\" defer></script><script src=\\"/dist/vendor.ef6775f4539cdb66e821.js\\" defer></script><script src=\\"/dist/app.a4675157dc5139f20b58.js\\" defer></script>
  </body>
</html>
"
`;
